// Jest Snapshot v1, https://goo.gl/fbAQLP

exports[`processShortcodes replaces shortcodes 1`] = `
Array [
  <span>
    I just want to 
</span>,
  <span
    className="dance"
>
    <span>
        D
    </span>
    <span>
        A
    </span>
    <span>
        N
    </span>
    <span>
        C
    </span>
    <span>
        E
    </span>
    <span>
        !
    </span>
</span>,
]
`;
